.equiv @sbrk, 9
.equiv @print_string, 4
.equiv @print_char, 11
.equiv @print_int, 1
.equiv @exit, 10
.equiv @exit2, 17

.text

.globl main
    jal Main
    li a0, @exit
    ecall

.globl Main
Main:
    sw   fp, -8(sp)
    mv   fp, sp
    addi sp, sp, -28
    sw   ra, -4(fp)
    li   t0, 4
    sw   t0, -12(fp)
    lw   t1, -12(fp)
    mv   a0, t1
    jal  alloc
    mv   t0, a0
    sw   t0, -16(fp)
    lw   t1, -12(fp)
    mv   a0, t1
    jal  alloc
    mv   t3, a0
    la   t0, FacComputeFac
    sw   t0, -12(fp)
    lw   t1, -12(fp)
    sw   t1, 0(t3)
    sw   t3, -12(fp)
    lw   t0, -16(fp)
    lw   t1, -12(fp)
    sw   t1, 0(t0)
    lw   t1, -16(fp)
    bnez t1, Main_no_long_jump0
    jal  Main_null1
Main_no_long_jump0:
    lw   t1, -16(fp)
    lw   t4, 0(t1)
    lw   t4, 0(t4)
    li   t0, 6
    sw   t0, -12(fp)
    sw   t3, -20(fp)
    sw   t4, -24(fp)
    sw   t5, -28(fp)
    lw   t0, -16(fp)
    mv   a2, t0
    lw   t0, -12(fp)
    mv   a3, t0
    jalr t4
    mv   t0, a0
    lw   t4, -24(fp)
    lw   t5, -28(fp)
    lw   t3, -20(fp)
    mv   t5, t0
    mv   a0, t5
    jal  print
    jal  Main_main_end
Main_null1:
    la   a0, msg_nullptr
    jal  error
Main_main_end:
    lw   a0, -12(fp)
    lw   ra, -4(fp)
    lw   fp, -8(fp)
    addi sp, sp, 28
    jr   ra

.globl FacComputeFac
FacComputeFac:
    sw   fp, -8(sp)
    mv   fp, sp
    addi sp, sp, -40
    sw   ra, -4(fp)
    sw   s1, -12(fp)
    li   t3, 1
    slt  t4, a3, t3
    bnez t4, FacComputeFac_no_long_jump1
    jal  FacComputeFac_if1_else
FacComputeFac_no_long_jump1:
    li   t0, 1
    sw   t0, -16(fp)
    jal  FacComputeFac_if1_end
FacComputeFac_if1_else:
    lw   t5, 0(a2)
    lw   t5, 0(t5)
    li   t3, 1
    sub  t0, a3, t3
    sw   t0, -20(fp)
    sw   t3, -24(fp)
    sw   t4, -28(fp)
    sw   t5, -32(fp)
    sw   a2, -36(fp)
    sw   a3, -40(fp)
    lw   t0, -36(fp)
    mv   a2, t0
    lw   t0, -20(fp)
    mv   a3, t0
    jalr t5
    mv   t0, a0
    lw   t4, -28(fp)
    lw   t5, -32(fp)
    lw   a2, -36(fp)
    lw   a3, -40(fp)
    lw   t3, -24(fp)
    mv   s1, t0
    mul  t0, a3, s1
    sw   t0, -16(fp)
FacComputeFac_if1_end:
    lw   s1, -12(fp)
    lw   a0, -16(fp)
    lw   ra, -4(fp)
    lw   fp, -8(fp)
    addi sp, sp, 40
    jr   ra

.globl print
print:
    mv a1, a0
    li a0, @print_int
    ecall
    li a1, 10
    li a0, @print_char
    ecall
    jr ra

.globl error
error:
    mv a1, a0
    li a0, @print_string
    ecall
    li a1, 10
    li a0, @print_char
    ecall
    li a0, @exit
    ecall
abort_17:
    j abort_17

.globl alloc
alloc:
    mv a1, a0
    li a0, @sbrk
    ecall
    jr ra

.data

.globl msg_nullptr
msg_nullptr:
    .asciiz "null pointer"
    .align 2

.globl msg_array_oob
msg_array_oob:
    .asciiz "array index out of bounds"
    .align 2

