Translation Context:
TranslationContext{functionContexts={FacComputeFac=FunctionContext{functionName='FacComputeFac', parameters=[], localVariables=[stack_save_s1, num_aux, w2, stack_save_t3, stack_save_t4, stack_save_t5, stack_save_a2, stack_save_a3]}, Main=FunctionContext{functionName='Main', parameters=[], localVariables=[v0, w0, stack_save_t3, stack_save_t4, stack_save_t5]}}}
Error message: null pointer
