Translation Context:
TranslationContext{functionContexts={f=FunctionContext{functionName='f', parameters=[], localVariables=[a, b, c, x, y, d, f, e, fifty, s, t, forty, ten, twenty, z, w, two, seven, g, fiftyfive, h, v2, i, j, one, k, five, l, q, r, m, n, o, thirty, p, zero, u]}, g=FunctionContext{functionName='g', parameters=[x1, x2, x3, x4, x5, x6, x7, x8], localVariables=[a, b, c, d, ten, e, v3, v4, f, g, h, i, j]}, Main=FunctionContext{functionName='Main', parameters=[], localVariables=[v0, v1]}}}
