Visiting main class. Added main class: ClassInfo{name='Main', fields={}, methods={main: MethodInfo{name='main', returnType='void', parameters={a: STRING_ARRAY}, localVariables={}}}}
Visiting class: ClassInfo{name='A', fields={}, methods={}}
Added method: run of type INT to class A
Added local variable: x of type INT to method run
Symbol Table:
Class: A
ClassInfo{name='A', fields={}, methods={run: MethodInfo{name='run', returnType='INT', parameters={}, localVariables={x: INT}}}}
Class: Main
ClassInfo{name='Main', fields={}, methods={main: MethodInfo{name='main', returnType='void', parameters={a: STRING_ARRAY}, localVariables={}}}}

