Visiting main class. Added main class: ClassInfo{name='BinaryTree', fields={}, methods={main: MethodInfo{name='main', returnType='void', parameters={a: STRING_ARRAY}, localVariables={}}}}
Visiting class: ClassInfo{name='BT', fields={}, methods={}}
Added method: Start of type INT to class BT
Added local variable: root of type ClassType(Tree) to method Start
Added local variable: ntb of type BOOLEAN to method Start
Added local variable: nti of type INT to method Start
Visiting class: ClassInfo{name='Tree', fields={}, methods={}}
Added field: left of type ClassType(Tree) to class Tree
Added field: right of type ClassType(Tree) to class Tree
Added field: key of type INT to class Tree
Added field: has_left of type BOOLEAN to class Tree
Added field: has_right of type BOOLEAN to class Tree
Added field: my_null of type ClassType(Tree) to class Tree
Added method: Init of type BOOLEAN to class Tree
Added method: SetRight of type BOOLEAN to class Tree
Added method: SetLeft of type BOOLEAN to class Tree
Added method: GetRight of type ClassType(Tree) to class Tree
Added method: GetLeft of type ClassType(Tree) to class Tree
Added method: GetKey of type INT to class Tree
Added method: SetKey of type BOOLEAN to class Tree
Added method: GetHas_Right of type BOOLEAN to class Tree
Added method: GetHas_Left of type BOOLEAN to class Tree
Added method: SetHas_Left of type BOOLEAN to class Tree
Added method: SetHas_Right of type BOOLEAN to class Tree
Added method: Compare of type BOOLEAN to class Tree
Added local variable: ntb of type BOOLEAN to method Compare
Added local variable: nti of type INT to method Compare
Added method: Insert of type BOOLEAN to class Tree
Added local variable: new_node of type ClassType(Tree) to method Insert
Added local variable: ntb of type BOOLEAN to method Insert
Added local variable: cont of type BOOLEAN to method Insert
Added local variable: key_aux of type INT to method Insert
Added local variable: current_node of type ClassType(Tree) to method Insert
Added method: Delete of type BOOLEAN to class Tree
Added local variable: current_node of type ClassType(Tree) to method Delete
Added local variable: parent_node of type ClassType(Tree) to method Delete
Added local variable: cont of type BOOLEAN to method Delete
Added local variable: found of type BOOLEAN to method Delete
Added local variable: is_root of type BOOLEAN to method Delete
Added local variable: key_aux of type INT to method Delete
Added local variable: ntb of type BOOLEAN to method Delete
Added method: Remove of type BOOLEAN to class Tree
Added local variable: ntb of type BOOLEAN to method Remove
Added local variable: auxkey1 of type INT to method Remove
Added local variable: auxkey2 of type INT to method Remove
Added method: RemoveRight of type BOOLEAN to class Tree
Added local variable: ntb of type BOOLEAN to method RemoveRight
Added method: RemoveLeft of type BOOLEAN to class Tree
Added local variable: ntb of type BOOLEAN to method RemoveLeft
Added method: Search of type INT to class Tree
Added local variable: cont of type BOOLEAN to method Search
Added local variable: ifound of type INT to method Search
Added local variable: current_node of type ClassType(Tree) to method Search
Added local variable: key_aux of type INT to method Search
Added method: Print of type BOOLEAN to class Tree
Added local variable: current_node of type ClassType(Tree) to method Print
Added local variable: ntb of type BOOLEAN to method Print
Added method: RecPrint of type BOOLEAN to class Tree
Added local variable: ntb of type BOOLEAN to method RecPrint
Symbol Table:
Class: BT
ClassInfo{name='BT', fields={}, methods={Start: MethodInfo{name='Start', returnType='INT', parameters={}, localVariables={nti: INT, root: ClassType(Tree), ntb: BOOLEAN}}}}
Class: BinaryTree
ClassInfo{name='BinaryTree', fields={}, methods={main: MethodInfo{name='main', returnType='void', parameters={a: STRING_ARRAY}, localVariables={}}}}
Class: Tree
ClassInfo{name='Tree', fields={left: ClassType(Tree), has_right: BOOLEAN, my_null: ClassType(Tree), right: ClassType(Tree), has_left: BOOLEAN, key: INT}, methods={Delete: MethodInfo{name='Delete', returnType='BOOLEAN', parameters={}, localVariables={current_node: ClassType(Tree), found: BOOLEAN, parent_node: ClassType(Tree), cont: BOOLEAN, is_root: BOOLEAN, ntb: BOOLEAN, key_aux: INT}}, SetHas_Left: MethodInfo{name='SetHas_Left', returnType='BOOLEAN', parameters={}, localVariables={}}, RemoveLeft: MethodInfo{name='RemoveLeft', returnType='BOOLEAN', parameters={}, localVariables={ntb: BOOLEAN}}, GetKey: MethodInfo{name='GetKey', returnType='INT', parameters={}, localVariables={}}, SetRight: MethodInfo{name='SetRight', returnType='BOOLEAN', parameters={}, localVariables={}}, GetLeft: MethodInfo{name='GetLeft', returnType='ClassType(Tree)', parameters={}, localVariables={}}, GetRight: MethodInfo{name='GetRight', returnType='ClassType(Tree)', parameters={}, localVariables={}}, Remove: MethodInfo{name='Remove', returnType='BOOLEAN', parameters={}, localVariables={auxkey1: INT, auxkey2: INT, ntb: BOOLEAN}}, SetLeft: MethodInfo{name='SetLeft', returnType='BOOLEAN', parameters={}, localVariables={}}, Insert: MethodInfo{name='Insert', returnType='BOOLEAN', parameters={}, localVariables={current_node: ClassType(Tree), new_node: ClassType(Tree), cont: BOOLEAN, ntb: BOOLEAN, key_aux: INT}}, Print: MethodInfo{name='Print', returnType='BOOLEAN', parameters={}, localVariables={current_node: ClassType(Tree), ntb: BOOLEAN}}, Init: MethodInfo{name='Init', returnType='BOOLEAN', parameters={}, localVariables={}}, GetHas_Right: MethodInfo{name='GetHas_Right', returnType='BOOLEAN', parameters={}, localVariables={}}, GetHas_Left: MethodInfo{name='GetHas_Left', returnType='BOOLEAN', parameters={}, localVariables={}}, RemoveRight: MethodInfo{name='RemoveRight', returnType='BOOLEAN', parameters={}, localVariables={ntb: BOOLEAN}}, Search: MethodInfo{name='Search', returnType='INT', parameters={}, localVariables={current_node: ClassType(Tree), ifound: INT, cont: BOOLEAN, key_aux: INT}}, SetKey: MethodInfo{name='SetKey', returnType='BOOLEAN', parameters={}, localVariables={}}, Compare: MethodInfo{name='Compare', returnType='BOOLEAN', parameters={}, localVariables={nti: INT, ntb: BOOLEAN}}, SetHas_Right: MethodInfo{name='SetHas_Right', returnType='BOOLEAN', parameters={}, localVariables={}}, RecPrint: MethodInfo{name='RecPrint', returnType='BOOLEAN', parameters={}, localVariables={ntb: BOOLEAN}}}}

