Visiting main class. Added main class: ClassInfo{name='LinkedList', fields={}, methods={main: MethodInfo{name='main', returnType='void', parameters={a: STRING_ARRAY}, localVariables={}}}}
Visiting class: ClassInfo{name='Element', fields={}, methods={}}
Added field: Age of type INT to class Element
Added field: Salary of type INT to class Element
Added field: Married of type BOOLEAN to class Element
Added method: Init of type BOOLEAN to class Element
Added method: GetAge of type INT to class Element
Added method: GetSalary of type INT to class Element
Added method: GetMarried of type BOOLEAN to class Element
Added method: Equal of type BOOLEAN to class Element
Added local variable: ret_val of type BOOLEAN to method Equal
Added local variable: aux01 of type INT to method Equal
Added local variable: aux02 of type INT to method Equal
Added local variable: nt of type INT to method Equal
Added method: Compare of type BOOLEAN to class Element
Added local variable: retval of type BOOLEAN to method Compare
Added local variable: aux02 of type INT to method Compare
Visiting class: ClassInfo{name='List', fields={}, methods={}}
Added field: elem of type ClassType(Element) to class List
Added field: next of type ClassType(List) to class List
Added field: end of type BOOLEAN to class List
Added method: Init of type BOOLEAN to class List
Added method: InitNew of type BOOLEAN to class List
Added method: Insert of type ClassType(List) to class List
Added local variable: ret_val of type BOOLEAN to method Insert
Added local variable: aux03 of type ClassType(List) to method Insert
Added local variable: aux02 of type ClassType(List) to method Insert
Added method: SetNext of type BOOLEAN to class List
Added method: Delete of type ClassType(List) to class List
Added local variable: my_head of type ClassType(List) to method Delete
Added local variable: ret_val of type BOOLEAN to method Delete
Added local variable: aux05 of type BOOLEAN to method Delete
Added local variable: aux01 of type ClassType(List) to method Delete
Added local variable: prev of type ClassType(List) to method Delete
Added local variable: var_end of type BOOLEAN to method Delete
Added local variable: var_elem of type ClassType(Element) to method Delete
Added local variable: aux04 of type INT to method Delete
Added local variable: nt of type INT to method Delete
Added method: Search of type INT to class List
Added local variable: int_ret_val of type INT to method Search
Added local variable: aux01 of type ClassType(List) to method Search
Added local variable: var_elem of type ClassType(Element) to method Search
Added local variable: var_end of type BOOLEAN to method Search
Added local variable: nt of type INT to method Search
Added method: GetEnd of type BOOLEAN to class List
Added method: GetElem of type ClassType(Element) to class List
Added method: GetNext of type ClassType(List) to class List
Added method: Print of type BOOLEAN to class List
Added local variable: aux01 of type ClassType(List) to method Print
Added local variable: var_end of type BOOLEAN to method Print
Added local variable: var_elem of type ClassType(Element) to method Print
Visiting class: ClassInfo{name='LL', fields={}, methods={}}
Added method: Start of type INT to class LL
Added local variable: head of type ClassType(List) to method Start
Added local variable: last_elem of type ClassType(List) to method Start
Added local variable: aux01 of type BOOLEAN to method Start
Added local variable: el01 of type ClassType(Element) to method Start
Added local variable: el02 of type ClassType(Element) to method Start
Added local variable: el03 of type ClassType(Element) to method Start
Symbol Table:
Class: LL
ClassInfo{name='LL', fields={}, methods={Start: MethodInfo{name='Start', returnType='INT', parameters={}, localVariables={head: ClassType(List), last_elem: ClassType(List), el03: ClassType(Element), el02: ClassType(Element), el01: ClassType(Element), aux01: BOOLEAN}}}}
Class: Element
ClassInfo{name='Element', fields={Salary: INT, Married: BOOLEAN, Age: INT}, methods={GetSalary: MethodInfo{name='GetSalary', returnType='INT', parameters={}, localVariables={}}, Init: MethodInfo{name='Init', returnType='BOOLEAN', parameters={}, localVariables={}}, GetAge: MethodInfo{name='GetAge', returnType='INT', parameters={}, localVariables={}}, Equal: MethodInfo{name='Equal', returnType='BOOLEAN', parameters={}, localVariables={nt: INT, aux01: INT, aux02: INT, ret_val: BOOLEAN}}, GetMarried: MethodInfo{name='GetMarried', returnType='BOOLEAN', parameters={}, localVariables={}}, Compare: MethodInfo{name='Compare', returnType='BOOLEAN', parameters={}, localVariables={aux02: INT, retval: BOOLEAN}}}}
Class: List
ClassInfo{name='List', fields={elem: ClassType(Element), next: ClassType(List), end: BOOLEAN}, methods={Delete: MethodInfo{name='Delete', returnType='ClassType(List)', parameters={}, localVariables={aux05: BOOLEAN, aux04: INT, nt: INT, prev: ClassType(List), aux01: ClassType(List), var_end: BOOLEAN, ret_val: BOOLEAN, my_head: ClassType(List), var_elem: ClassType(Element)}}, Print: MethodInfo{name='Print', returnType='BOOLEAN', parameters={}, localVariables={aux01: ClassType(List), var_end: BOOLEAN, var_elem: ClassType(Element)}}, Init: MethodInfo{name='Init', returnType='BOOLEAN', parameters={}, localVariables={}}, GetElem: MethodInfo{name='GetElem', returnType='ClassType(Element)', parameters={}, localVariables={}}, GetNext: MethodInfo{name='GetNext', returnType='ClassType(List)', parameters={}, localVariables={}}, SetNext: MethodInfo{name='SetNext', returnType='BOOLEAN', parameters={}, localVariables={}}, Search: MethodInfo{name='Search', returnType='INT', parameters={}, localVariables={nt: INT, aux01: ClassType(List), var_end: BOOLEAN, int_ret_val: INT, var_elem: ClassType(Element)}}, GetEnd: MethodInfo{name='GetEnd', returnType='BOOLEAN', parameters={}, localVariables={}}, InitNew: MethodInfo{name='InitNew', returnType='BOOLEAN', parameters={}, localVariables={}}, Insert: MethodInfo{name='Insert', returnType='ClassType(List)', parameters={}, localVariables={aux03: ClassType(List), aux02: ClassType(List), ret_val: BOOLEAN}}}}
Class: LinkedList
ClassInfo{name='LinkedList', fields={}, methods={main: MethodInfo{name='main', returnType='void', parameters={a: STRING_ARRAY}, localVariables={}}}}

