Visiting main class. Added main class: ClassInfo{name='MoreThan4', fields={}, methods={main: MethodInfo{name='main', returnType='void', parameters={a: STRING_ARRAY}, localVariables={}}}}
Visiting class: ClassInfo{name='MT4', fields={}, methods={}}
Added method: Start of type INT to class MT4
Added local variable: aux of type INT to method Start
Added method: Change of type INT to class MT4
Symbol Table:
Class: MoreThan4
ClassInfo{name='MoreThan4', fields={}, methods={main: MethodInfo{name='main', returnType='void', parameters={a: STRING_ARRAY}, localVariables={}}}}
Class: MT4
ClassInfo{name='MT4', fields={}, methods={Start: MethodInfo{name='Start', returnType='INT', parameters={}, localVariables={aux: INT}}, Change: MethodInfo{name='Change', returnType='INT', parameters={}, localVariables={}}}}

